
> health-app@0.1.0 build
> next build

node.exe : [baseline-br
owser-mapping] The 
data in this module is 
over two months old.  
To ensure accurate 
Baseline data, please 
update: `npm i baseline
-browser-mapping@latest
 -D`
No linha:1 caractere:1
+ & "C:\Program 
Files\nodejs/node.exe" 
"C:\Program 
Files\nodejs/node_mo 
...
+ ~~~~~~~~~~~~~~~~~~~~~
~~~~~~~~~~~~~~~~~~~~~~~
~~~~~~~~~~~~~~~~~~~~~~~
~~
    + CategoryInfo     
         : NotSpecifi  
  ed: ([baseline-bro   
 ws...ping@latest -    
D`:String) [], Rem    
oteException
    + FullyQualifiedEr 
   rorId : NativeComm  
  andError
 
   Ôû▓ Next.js 16.0.10 (Turbopack)
   - Environments: .env.local

   Creating an optimized production build ...
[baseline-browser-mappi
ng] The data in this 
module is over two 
months old.  To ensure 
accurate Baseline 
data, please update: 
`npm i baseline-browser
-mapping@latest -D`
 Ô£ô Compiled successfully in 3.9s
   Running TypeScript ...
   Collecting page data using 15 workers ...
[baseline-browser-mappi
ng] The data in this 
module is over two 
months old.  To ensure 
accurate Baseline 
data, please update: 
`npm i baseline-browser
-mapping@latest -D`
[baseline-browser-mappi
ng] The data in this 
module is over two 
months old.  To ensure 
accurate Baseline 
data, please update: 
`npm i baseline-browser
-mapping@latest -D`
[baseline-browser-mappi
ng] The data in this 
module is over two 
months old.  To ensure 
accurate Baseline 
data, please update: 
`npm i baseline-browser
-mapping@latest -D`
[baseline-browser-mappi
ng] The data in this 
module is over two 
months old.  To ensure 
accurate Baseline 
data, please update: 
`npm i baseline-browser
-mapping@latest -D`
[baseline-browser-mappi
ng] The data in this 
module is over two 
months old.  To ensure 
accurate Baseline 
data, please update: 
`npm i baseline-browser
-mapping@latest -D`
[baseline-browser-mappi
ng] The data in this 
module is over two 
months old.  To ensure 
accurate Baseline 
data, please update: 
`npm i baseline-browser
-mapping@latest -D`
[baseline-browser-mappi
ng] The data in this 
module is over two 
months old.  To ensure 
accurate Baseline 
data, please update: 
`npm i baseline-browser
-mapping@latest -D`
[baseline-browser-mappi
ng] The data in this 
module is over two 
months old.  To ensure 
accurate Baseline 
data, please update: 
`npm i baseline-browser
-mapping@latest -D`
[baseline-browser-mappi
ng] The data in this 
module is over two 
months old.  To ensure 
accurate Baseline 
data, please update: 
`npm i baseline-browser
-mapping@latest -D`
[baseline-browser-mappi
ng] The data in this 
module is over two 
months old.  To ensure 
accurate Baseline 
data, please update: 
`npm i baseline-browser
-mapping@latest -D`
   Generating static pages using 15 workers (0/10) ...
[baseline-browser-mappi
ng] The data in this 
module is over two 
months old.  To ensure 
accurate Baseline 
data, please update: 
`npm i baseline-browser
-mapping@latest -D`
   Generating static pages using 15 workers (2/10) 
   Generating static pages using 15 workers (4/10) 
   Generating static pages using 15 workers (7/10) 
 Ô£ô Generating static pages using 15 workers (10/10) in 889.1ms
   Finalizing page optimization ...

Route (app)
Ôöî Ôùï /
Ôö£ Ôùï /_not-found
Ôö£ ãÆ /api/ai/analyze-food
Ôö£ ãÆ /api/ai/analyze-progress
Ôö£ ãÆ /api/ai/analyze-workout-image
Ôö£ ãÆ /api/ai/generate-nutrition-plan
Ôö£ ãÆ /api/ai/generate-workout
Ôö£ Ôùï /icon.png
Ôöö Ôùï /manifest.webmanifest


Ôùï  (Static)   prerendered as static content
ãÆ  (Dynamic)  server-rendered on demand

